/opt/Xilinx/Projects/HDMI_Rotator/project/implementation/system.ngc 1694530858
/opt/Xilinx/Projects/HDMI_Rotator/project/implementation/system_hdmi_out_0_wrapper.ngc 1694530822
/opt/Xilinx/Projects/HDMI_Rotator/project/implementation/system_hdmi_in_0_wrapper.ngc 1694530839
/opt/Xilinx/Projects/HDMI_Rotator/project/implementation/system_clock_generator_0_wrapper.ngc 1694530836
/opt/Xilinx/Projects/HDMI_Rotator/project/implementation/system_proc_sys_reset_0_wrapper.ngc 1694530794
/opt/Xilinx/Projects/HDMI_Rotator/project/implementation/system_mcb_ddr2_wrapper.ngc 1694530794
/opt/Xilinx/Projects/HDMI_Rotator/project/implementation/system_microblaze_0_wrapper.ngc 1694530794
/opt/Xilinx/Projects/HDMI_Rotator/project/implementation/system_mb_plb_wrapper.ngc 1694530794
/opt/Xilinx/Projects/HDMI_Rotator/project/implementation/system_ilmb_wrapper.ngc 1694530794
/opt/Xilinx/Projects/HDMI_Rotator/project/implementation/system_dlmb_wrapper.ngc 1694530794
/opt/Xilinx/Projects/HDMI_Rotator/project/implementation/system_dlmb_cntlr_wrapper.ngc 1694530794
/opt/Xilinx/Projects/HDMI_Rotator/project/implementation/system_ilmb_cntlr_wrapper.ngc 1694530794
/opt/Xilinx/Projects/HDMI_Rotator/project/implementation/system_mdm_0_wrapper.ngc 1694530794
/opt/Xilinx/Projects/HDMI_Rotator/project/implementation/system_pll_module_0_wrapper.ngc 1694530794
/opt/Xilinx/Projects/HDMI_Rotator/project/implementation/system_xps_iic_0_wrapper.ngc 1694530794
/opt/Xilinx/Projects/HDMI_Rotator/project/implementation/system_edid_emu_0_wrapper.ngc 1694530828
/opt/Xilinx/Projects/HDMI_Rotator/project/implementation/system_xps_iic_1_wrapper.ngc 1694530794
/opt/Xilinx/Projects/HDMI_Rotator/project/implementation/system_edid_emu_1_wrapper.ngc 1694530834
/opt/Xilinx/Projects/HDMI_Rotator/project/implementation/system_lmb_bram_wrapper.ngc 1694530794
OK
